---
source: crates/engine/tests/common.rs
expression: ir
---
V1(
    QueryRequestV1 {
        queries: {
            Alias(
                Identifier(
                    "InstitutionMany",
                ),
            ): Model(
                ModelSelection {
                    target: ModelTarget {
                        subgraph: SubgraphName(
                            "default",
                        ),
                        model_name: ModelName(
                            Identifier(
                                "institutions",
                            ),
                        ),
                        arguments: {
                            ArgumentName(
                                Identifier(
                                    "order_by",
                                ),
                            ): Literal(
                                Array [
                                    Object {
                                        "location": Array [
                                            Object {
                                                "city": String("Desc"),
                                            },
                                        ],
                                    },
                                ],
                            ),
                        },
                        filter: None,
                        order_by: [],
                        limit: None,
                        offset: None,
                    },
                    selection: {
                        Alias(
                            Identifier(
                                "id",
                            ),
                        ): Field(
                            ObjectFieldSelection {
                                target: ObjectFieldTarget {
                                    field_name: FieldName(
                                        Identifier(
                                            "id",
                                        ),
                                    ),
                                    arguments: {},
                                },
                                selection: None,
                            },
                        ),
                        Alias(
                            Identifier(
                                "location",
                            ),
                        ): Field(
                            ObjectFieldSelection {
                                target: ObjectFieldTarget {
                                    field_name: FieldName(
                                        Identifier(
                                            "location",
                                        ),
                                    ),
                                    arguments: {},
                                },
                                selection: None,
                            },
                        ),
                    },
                },
            ),
        },
    },
)
