---
source: crates/engine/tests/common.rs
expression: ir
---
V1(
    QueryRequestV1 {
        queries: {
            Alias(
                Identifier(
                    "match_london",
                ),
            ): Model(
                ModelSelection {
                    target: ModelTarget {
                        subgraph: SubgraphName(
                            "default",
                        ),
                        model_name: ModelName(
                            Identifier(
                                "institutions",
                            ),
                        ),
                        arguments: {
                            ArgumentName(
                                Identifier(
                                    "where",
                                ),
                            ): Literal(
                                Object {
                                    "location": Object {
                                        "city": Object {
                                            "_eq": String("London"),
                                        },
                                    },
                                },
                            ),
                        },
                        filter: None,
                        order_by: [],
                        limit: None,
                        offset: None,
                    },
                    selection: {
                        Alias(
                            Identifier(
                                "id",
                            ),
                        ): Field(
                            ObjectFieldSelection {
                                target: ObjectFieldTarget {
                                    field_name: FieldName(
                                        Identifier(
                                            "id",
                                        ),
                                    ),
                                    arguments: {},
                                },
                                selection: None,
                            },
                        ),
                        Alias(
                            Identifier(
                                "location",
                            ),
                        ): Field(
                            ObjectFieldSelection {
                                target: ObjectFieldTarget {
                                    field_name: FieldName(
                                        Identifier(
                                            "location",
                                        ),
                                    ),
                                    arguments: {},
                                },
                                selection: Some(
                                    {
                                        Alias(
                                            Identifier(
                                                "city",
                                            ),
                                        ): Field(
                                            ObjectFieldSelection {
                                                target: ObjectFieldTarget {
                                                    field_name: FieldName(
                                                        Identifier(
                                                            "city",
                                                        ),
                                                    ),
                                                    arguments: {},
                                                },
                                                selection: None,
                                            },
                                        ),
                                        Alias(
                                            Identifier(
                                                "campuses",
                                            ),
                                        ): Field(
                                            ObjectFieldSelection {
                                                target: ObjectFieldTarget {
                                                    field_name: FieldName(
                                                        Identifier(
                                                            "campuses",
                                                        ),
                                                    ),
                                                    arguments: {},
                                                },
                                                selection: None,
                                            },
                                        ),
                                    },
                                ),
                            },
                        ),
                        Alias(
                            Identifier(
                                "location_country",
                            ),
                        ): Field(
                            ObjectFieldSelection {
                                target: ObjectFieldTarget {
                                    field_name: FieldName(
                                        Identifier(
                                            "location",
                                        ),
                                    ),
                                    arguments: {},
                                },
                                selection: Some(
                                    {
                                        Alias(
                                            Identifier(
                                                "country",
                                            ),
                                        ): Field(
                                            ObjectFieldSelection {
                                                target: ObjectFieldTarget {
                                                    field_name: FieldName(
                                                        Identifier(
                                                            "country",
                                                        ),
                                                    ),
                                                    arguments: {},
                                                },
                                                selection: Some(
                                                    {
                                                        Alias(
                                                            Identifier(
                                                                "name",
                                                            ),
                                                        ): Field(
                                                            ObjectFieldSelection {
                                                                target: ObjectFieldTarget {
                                                                    field_name: FieldName(
                                                                        Identifier(
                                                                            "name",
                                                                        ),
                                                                    ),
                                                                    arguments: {},
                                                                },
                                                                selection: None,
                                                            },
                                                        ),
                                                    },
                                                ),
                                            },
                                        ),
                                    },
                                ),
                            },
                        ),
                        Alias(
                            Identifier(
                                "staff",
                            ),
                        ): Field(
                            ObjectFieldSelection {
                                target: ObjectFieldTarget {
                                    field_name: FieldName(
                                        Identifier(
                                            "staff",
                                        ),
                                    ),
                                    arguments: {},
                                },
                                selection: Some(
                                    {
                                        Alias(
                                            Identifier(
                                                "last_name",
                                            ),
                                        ): Field(
                                            ObjectFieldSelection {
                                                target: ObjectFieldTarget {
                                                    field_name: FieldName(
                                                        Identifier(
                                                            "last_name",
                                                        ),
                                                    ),
                                                    arguments: {},
                                                },
                                                selection: None,
                                            },
                                        ),
                                        Alias(
                                            Identifier(
                                                "specialities",
                                            ),
                                        ): Field(
                                            ObjectFieldSelection {
                                                target: ObjectFieldTarget {
                                                    field_name: FieldName(
                                                        Identifier(
                                                            "specialities",
                                                        ),
                                                    ),
                                                    arguments: {},
                                                },
                                                selection: None,
                                            },
                                        ),
                                    },
                                ),
                            },
                        ),
                        Alias(
                            Identifier(
                                "staff_first_name",
                            ),
                        ): Field(
                            ObjectFieldSelection {
                                target: ObjectFieldTarget {
                                    field_name: FieldName(
                                        Identifier(
                                            "staff",
                                        ),
                                    ),
                                    arguments: {},
                                },
                                selection: Some(
                                    {
                                        Alias(
                                            Identifier(
                                                "first_name",
                                            ),
                                        ): Field(
                                            ObjectFieldSelection {
                                                target: ObjectFieldTarget {
                                                    field_name: FieldName(
                                                        Identifier(
                                                            "first_name",
                                                        ),
                                                    ),
                                                    arguments: {},
                                                },
                                                selection: None,
                                            },
                                        ),
                                    },
                                ),
                            },
                        ),
                        Alias(
                            Identifier(
                                "departments",
                            ),
                        ): Field(
                            ObjectFieldSelection {
                                target: ObjectFieldTarget {
                                    field_name: FieldName(
                                        Identifier(
                                            "departments",
                                        ),
                                    ),
                                    arguments: {},
                                },
                                selection: None,
                            },
                        ),
                    },
                },
            ),
            Alias(
                Identifier(
                    "match_uk",
                ),
            ): Model(
                ModelSelection {
                    target: ModelTarget {
                        subgraph: SubgraphName(
                            "default",
                        ),
                        model_name: ModelName(
                            Identifier(
                                "institutions",
                            ),
                        ),
                        arguments: {
                            ArgumentName(
                                Identifier(
                                    "where",
                                ),
                            ): Literal(
                                Object {
                                    "location": Object {
                                        "country": Object {
                                            "name": Object {
                                                "_eq": String("UK"),
                                            },
                                        },
                                    },
                                },
                            ),
                        },
                        filter: None,
                        order_by: [],
                        limit: None,
                        offset: None,
                    },
                    selection: {
                        Alias(
                            Identifier(
                                "id",
                            ),
                        ): Field(
                            ObjectFieldSelection {
                                target: ObjectFieldTarget {
                                    field_name: FieldName(
                                        Identifier(
                                            "id",
                                        ),
                                    ),
                                    arguments: {},
                                },
                                selection: None,
                            },
                        ),
                        Alias(
                            Identifier(
                                "location",
                            ),
                        ): Field(
                            ObjectFieldSelection {
                                target: ObjectFieldTarget {
                                    field_name: FieldName(
                                        Identifier(
                                            "location",
                                        ),
                                    ),
                                    arguments: {},
                                },
                                selection: Some(
                                    {
                                        Alias(
                                            Identifier(
                                                "city",
                                            ),
                                        ): Field(
                                            ObjectFieldSelection {
                                                target: ObjectFieldTarget {
                                                    field_name: FieldName(
                                                        Identifier(
                                                            "city",
                                                        ),
                                                    ),
                                                    arguments: {},
                                                },
                                                selection: None,
                                            },
                                        ),
                                        Alias(
                                            Identifier(
                                                "campuses",
                                            ),
                                        ): Field(
                                            ObjectFieldSelection {
                                                target: ObjectFieldTarget {
                                                    field_name: FieldName(
                                                        Identifier(
                                                            "campuses",
                                                        ),
                                                    ),
                                                    arguments: {},
                                                },
                                                selection: None,
                                            },
                                        ),
                                    },
                                ),
                            },
                        ),
                        Alias(
                            Identifier(
                                "location_country",
                            ),
                        ): Field(
                            ObjectFieldSelection {
                                target: ObjectFieldTarget {
                                    field_name: FieldName(
                                        Identifier(
                                            "location",
                                        ),
                                    ),
                                    arguments: {},
                                },
                                selection: Some(
                                    {
                                        Alias(
                                            Identifier(
                                                "country",
                                            ),
                                        ): Field(
                                            ObjectFieldSelection {
                                                target: ObjectFieldTarget {
                                                    field_name: FieldName(
                                                        Identifier(
                                                            "country",
                                                        ),
                                                    ),
                                                    arguments: {},
                                                },
                                                selection: Some(
                                                    {
                                                        Alias(
                                                            Identifier(
                                                                "name",
                                                            ),
                                                        ): Field(
                                                            ObjectFieldSelection {
                                                                target: ObjectFieldTarget {
                                                                    field_name: FieldName(
                                                                        Identifier(
                                                                            "name",
                                                                        ),
                                                                    ),
                                                                    arguments: {},
                                                                },
                                                                selection: None,
                                                            },
                                                        ),
                                                    },
                                                ),
                                            },
                                        ),
                                    },
                                ),
                            },
                        ),
                        Alias(
                            Identifier(
                                "staff",
                            ),
                        ): Field(
                            ObjectFieldSelection {
                                target: ObjectFieldTarget {
                                    field_name: FieldName(
                                        Identifier(
                                            "staff",
                                        ),
                                    ),
                                    arguments: {},
                                },
                                selection: Some(
                                    {
                                        Alias(
                                            Identifier(
                                                "last_name",
                                            ),
                                        ): Field(
                                            ObjectFieldSelection {
                                                target: ObjectFieldTarget {
                                                    field_name: FieldName(
                                                        Identifier(
                                                            "last_name",
                                                        ),
                                                    ),
                                                    arguments: {},
                                                },
                                                selection: None,
                                            },
                                        ),
                                        Alias(
                                            Identifier(
                                                "specialities",
                                            ),
                                        ): Field(
                                            ObjectFieldSelection {
                                                target: ObjectFieldTarget {
                                                    field_name: FieldName(
                                                        Identifier(
                                                            "specialities",
                                                        ),
                                                    ),
                                                    arguments: {},
                                                },
                                                selection: None,
                                            },
                                        ),
                                    },
                                ),
                            },
                        ),
                        Alias(
                            Identifier(
                                "staff_first_name",
                            ),
                        ): Field(
                            ObjectFieldSelection {
                                target: ObjectFieldTarget {
                                    field_name: FieldName(
                                        Identifier(
                                            "staff",
                                        ),
                                    ),
                                    arguments: {},
                                },
                                selection: Some(
                                    {
                                        Alias(
                                            Identifier(
                                                "first_name",
                                            ),
                                        ): Field(
                                            ObjectFieldSelection {
                                                target: ObjectFieldTarget {
                                                    field_name: FieldName(
                                                        Identifier(
                                                            "first_name",
                                                        ),
                                                    ),
                                                    arguments: {},
                                                },
                                                selection: None,
                                            },
                                        ),
                                    },
                                ),
                            },
                        ),
                        Alias(
                            Identifier(
                                "departments",
                            ),
                        ): Field(
                            ObjectFieldSelection {
                                target: ObjectFieldTarget {
                                    field_name: FieldName(
                                        Identifier(
                                            "departments",
                                        ),
                                    ),
                                    arguments: {},
                                },
                                selection: None,
                            },
                        ),
                    },
                },
            ),
            Alias(
                Identifier(
                    "match_two_nested_fields",
                ),
            ): Model(
                ModelSelection {
                    target: ModelTarget {
                        subgraph: SubgraphName(
                            "default",
                        ),
                        model_name: ModelName(
                            Identifier(
                                "institutions",
                            ),
                        ),
                        arguments: {
                            ArgumentName(
                                Identifier(
                                    "where",
                                ),
                            ): Literal(
                                Object {
                                    "songs": Object {
                                        "primaryAnthemTrackId": Object {
                                            "_eq": Number(2270),
                                        },
                                        "secondaryAnthemTrackId": Object {
                                            "_eq": Number(2271),
                                        },
                                    },
                                },
                            ),
                        },
                        filter: None,
                        order_by: [],
                        limit: None,
                        offset: None,
                    },
                    selection: {
                        Alias(
                            Identifier(
                                "id",
                            ),
                        ): Field(
                            ObjectFieldSelection {
                                target: ObjectFieldTarget {
                                    field_name: FieldName(
                                        Identifier(
                                            "id",
                                        ),
                                    ),
                                    arguments: {},
                                },
                                selection: None,
                            },
                        ),
                        Alias(
                            Identifier(
                                "songs",
                            ),
                        ): Field(
                            ObjectFieldSelection {
                                target: ObjectFieldTarget {
                                    field_name: FieldName(
                                        Identifier(
                                            "songs",
                                        ),
                                    ),
                                    arguments: {},
                                },
                                selection: Some(
                                    {
                                        Alias(
                                            Identifier(
                                                "primaryAnthemTrackId",
                                            ),
                                        ): Field(
                                            ObjectFieldSelection {
                                                target: ObjectFieldTarget {
                                                    field_name: FieldName(
                                                        Identifier(
                                                            "primaryAnthemTrackId",
                                                        ),
                                                    ),
                                                    arguments: {},
                                                },
                                                selection: None,
                                            },
                                        ),
                                        Alias(
                                            Identifier(
                                                "secondaryAnthemTrackId",
                                            ),
                                        ): Field(
                                            ObjectFieldSelection {
                                                target: ObjectFieldTarget {
                                                    field_name: FieldName(
                                                        Identifier(
                                                            "secondaryAnthemTrackId",
                                                        ),
                                                    ),
                                                    arguments: {},
                                                },
                                                selection: None,
                                            },
                                        ),
                                    },
                                ),
                            },
                        ),
                    },
                },
            ),
            Alias(
                Identifier(
                    "nested_logical_operators",
                ),
            ): Model(
                ModelSelection {
                    target: ModelTarget {
                        subgraph: SubgraphName(
                            "default",
                        ),
                        model_name: ModelName(
                            Identifier(
                                "institutions",
                            ),
                        ),
                        arguments: {
                            ArgumentName(
                                Identifier(
                                    "where",
                                ),
                            ): Literal(
                                Object {
                                    "songs": Object {
                                        "_or": Array [
                                            Object {
                                                "primaryAnthemTrackId": Object {
                                                    "_eq": Number(2270),
                                                },
                                            },
                                            Object {
                                                "primaryAnthemTrackId": Object {
                                                    "_eq": Number(3421),
                                                },
                                            },
                                        ],
                                    },
                                },
                            ),
                        },
                        filter: None,
                        order_by: [],
                        limit: None,
                        offset: None,
                    },
                    selection: {
                        Alias(
                            Identifier(
                                "id",
                            ),
                        ): Field(
                            ObjectFieldSelection {
                                target: ObjectFieldTarget {
                                    field_name: FieldName(
                                        Identifier(
                                            "id",
                                        ),
                                    ),
                                    arguments: {},
                                },
                                selection: None,
                            },
                        ),
                        Alias(
                            Identifier(
                                "songs",
                            ),
                        ): Field(
                            ObjectFieldSelection {
                                target: ObjectFieldTarget {
                                    field_name: FieldName(
                                        Identifier(
                                            "songs",
                                        ),
                                    ),
                                    arguments: {},
                                },
                                selection: Some(
                                    {
                                        Alias(
                                            Identifier(
                                                "primaryAnthemTrackId",
                                            ),
                                        ): Field(
                                            ObjectFieldSelection {
                                                target: ObjectFieldTarget {
                                                    field_name: FieldName(
                                                        Identifier(
                                                            "primaryAnthemTrackId",
                                                        ),
                                                    ),
                                                    arguments: {},
                                                },
                                                selection: None,
                                            },
                                        ),
                                        Alias(
                                            Identifier(
                                                "secondaryAnthemTrackId",
                                            ),
                                        ): Field(
                                            ObjectFieldSelection {
                                                target: ObjectFieldTarget {
                                                    field_name: FieldName(
                                                        Identifier(
                                                            "secondaryAnthemTrackId",
                                                        ),
                                                    ),
                                                    arguments: {},
                                                },
                                                selection: None,
                                            },
                                        ),
                                    },
                                ),
                            },
                        ),
                    },
                },
            ),
        },
    },
)
