---
source: crates/metadata-resolve/tests/metadata_golden_tests.rs
expression: string
input_file: crates/metadata-resolve/tests/failing/aggregate_boolean_expressions/object/graphql_field_name_conflict_with_logical_operator/metadata.json
---
Error: error in boolean expression type 'Album_aggregate_bool_exp (in subgraph default)': a GraphQL field name conflict exists between the 'artist' comparable aggregatable relationship and the 'artist' count distinct aggregation function. One of these will need to be renamed.
