---
source: crates/metadata-resolve/tests/metadata_golden_tests.rs
expression: msg
input_file: crates/metadata-resolve/tests/failing/commands/procedures/duplicate_command_name/metadata.json
---
The following issues were raised but disallowed by compatibility configuration:

Cannot add the command not_hello (in subgraph default) to GraphQL schema: Cannot add query root field hello as it already in use
