---
source: crates/metadata-resolve/tests/metadata_golden_tests.rs
expression: string
input_file: crates/metadata-resolve/tests/failing/aggregate_expressions/conflict_between_count_and_aggregatable_field/metadata.json
---
Error: the name used by query.aggregate.countFieldName from the GraphqlConfig conflicts with the aggregatable field name _count in the aggregate expression Invoice_aggregate_exp (in subgraph default)
