---
source: crates/metadata-resolve/tests/metadata_golden_tests.rs
expression: string
input_file: crates/metadata-resolve/tests/failing/aggregate_expressions/missing_aggregation_function_return_type/metadata.json
---
Error: the aggregate expression Int4_aggregate_exp (in subgraph default) specifies an aggregation function 'sum' that uses an unknown type for its return type: Int8
