{
  "__schema": {
    "directives": [
      {
        "args": [
          {
            "defaultValue": null,
            "description": null,
            "name": "if",
            "type": {
              "kind": "NON_NULL",
              "name": null,
              "ofType": {
                "kind": "SCALAR",
                "name": "Boolean",
                "ofType": null
              }
            }
          }
        ],
        "description": null,
        "locations": [
          "FIELD",
          "FRAGMENT_SPREAD",
          "INLINE_FRAGMENT"
        ],
        "name": "skip"
      },
      {
        "args": [
          {
            "defaultValue": null,
            "description": null,
            "name": "if",
            "type": {
              "kind": "NON_NULL",
              "name": null,
              "ofType": {
                "kind": "SCALAR",
                "name": "Boolean",
                "ofType": null
              }
            }
          }
        ],
        "description": null,
        "locations": [
          "FIELD",
          "FRAGMENT_SPREAD",
          "INLINE_FRAGMENT"
        ],
        "name": "include"
      }
    ],
    "mutationType": null,
    "queryType": {
      "name": "query_root"
    },
    "subscriptionType": {
      "name": "subscription_root"
    },
    "types": [
      {
        "description": null,
        "enumValues": null,
        "fields": null,
        "inputFields": null,
        "interfaces": null,
        "kind": "SCALAR",
        "name": "Boolean",
        "possibleTypes": null
      },
      {
        "description": null,
        "enumValues": null,
        "fields": null,
        "inputFields": null,
        "interfaces": null,
        "kind": "SCALAR",
        "name": "String",
        "possibleTypes": null
      },
      {
        "description": null,
        "enumValues": null,
        "fields": [
          {
            "args": [],
            "deprecationReason": null,
            "description": null,
            "isDeprecated": false,
            "name": "args",
            "type": {
              "kind": "OBJECT",
              "name": "__InputValue",
              "ofType": null
            }
          },
          {
            "args": [],
            "deprecationReason": null,
            "description": null,
            "isDeprecated": false,
            "name": "description",
            "type": {
              "kind": "NON_NULL",
              "name": null,
              "ofType": {
                "kind": "SCALAR",
                "name": "String",
                "ofType": null
              }
            }
          },
          {
            "args": [],
            "deprecationReason": null,
            "description": null,
            "isDeprecated": false,
            "name": "isRepeatable",
            "type": {
              "kind": "NON_NULL",
              "name": null,
              "ofType": {
                "kind": "SCALAR",
                "name": "String",
                "ofType": null
              }
            }
          },
          {
            "args": [],
            "deprecationReason": null,
            "description": null,
            "isDeprecated": false,
            "name": "locations",
            "type": {
              "kind": "NON_NULL",
              "name": null,
              "ofType": {
                "kind": "SCALAR",
                "name": "String",
                "ofType": null
              }
            }
          },
          {
            "args": [],
            "deprecationReason": null,
            "description": null,
            "isDeprecated": false,
            "name": "name",
            "type": {
              "kind": "NON_NULL",
              "name": null,
              "ofType": {
                "kind": "SCALAR",
                "name": "String",
                "ofType": null
              }
            }
          }
        ],
        "inputFields": null,
        "interfaces": [],
        "kind": "OBJECT",
        "name": "__Directive",
        "possibleTypes": null
      },
      {
        "description": null,
        "enumValues": null,
        "fields": [
          {
            "args": [],
            "deprecationReason": null,
            "description": null,
            "isDeprecated": false,
            "name": "deprecationReason",
            "type": {
              "kind": "NON_NULL",
              "name": null,
              "ofType": {
                "kind": "SCALAR",
                "name": "String",
                "ofType": null
              }
            }
          },
          {
            "args": [],
            "deprecationReason": null,
            "description": null,
            "isDeprecated": false,
            "name": "description",
            "type": {
              "kind": "NON_NULL",
              "name": null,
              "ofType": {
                "kind": "SCALAR",
                "name": "String",
                "ofType": null
              }
            }
          },
          {
            "args": [],
            "deprecationReason": null,
            "description": null,
            "isDeprecated": false,
            "name": "isDeprecated",
            "type": {
              "kind": "NON_NULL",
              "name": null,
              "ofType": {
                "kind": "SCALAR",
                "name": "String",
                "ofType": null
              }
            }
          },
          {
            "args": [],
            "deprecationReason": null,
            "description": null,
            "isDeprecated": false,
            "name": "name",
            "type": {
              "kind": "NON_NULL",
              "name": null,
              "ofType": {
                "kind": "SCALAR",
                "name": "String",
                "ofType": null
              }
            }
          }
        ],
        "inputFields": null,
        "interfaces": [],
        "kind": "OBJECT",
        "name": "__EnumValue",
        "possibleTypes": null
      },
      {
        "description": null,
        "enumValues": null,
        "fields": [
          {
            "args": [],
            "deprecationReason": null,
            "description": null,
            "isDeprecated": false,
            "name": "args",
            "type": {
              "kind": "OBJECT",
              "name": "__InputValue",
              "ofType": null
            }
          },
          {
            "args": [],
            "deprecationReason": null,
            "description": null,
            "isDeprecated": false,
            "name": "deprecationReason",
            "type": {
              "kind": "NON_NULL",
              "name": null,
              "ofType": {
                "kind": "SCALAR",
                "name": "String",
                "ofType": null
              }
            }
          },
          {
            "args": [],
            "deprecationReason": null,
            "description": null,
            "isDeprecated": false,
            "name": "description",
            "type": {
              "kind": "NON_NULL",
              "name": null,
              "ofType": {
                "kind": "SCALAR",
                "name": "String",
                "ofType": null
              }
            }
          },
          {
            "args": [],
            "deprecationReason": null,
            "description": null,
            "isDeprecated": false,
            "name": "isDeprecated",
            "type": {
              "kind": "NON_NULL",
              "name": null,
              "ofType": {
                "kind": "SCALAR",
                "name": "String",
                "ofType": null
              }
            }
          },
          {
            "args": [],
            "deprecationReason": null,
            "description": null,
            "isDeprecated": false,
            "name": "name",
            "type": {
              "kind": "NON_NULL",
              "name": null,
              "ofType": {
                "kind": "SCALAR",
                "name": "String",
                "ofType": null
              }
            }
          },
          {
            "args": [],
            "deprecationReason": null,
            "description": null,
            "isDeprecated": false,
            "name": "type",
            "type": {
              "kind": "OBJECT",
              "name": "__Type",
              "ofType": null
            }
          }
        ],
        "inputFields": null,
        "interfaces": [],
        "kind": "OBJECT",
        "name": "__Field",
        "possibleTypes": null
      },
      {
        "description": null,
        "enumValues": null,
        "fields": [
          {
            "args": [],
            "deprecationReason": null,
            "description": null,
            "isDeprecated": false,
            "name": "defaultValue",
            "type": {
              "kind": "NON_NULL",
              "name": null,
              "ofType": {
                "kind": "SCALAR",
                "name": "String",
                "ofType": null
              }
            }
          },
          {
            "args": [],
            "deprecationReason": null,
            "description": null,
            "isDeprecated": false,
            "name": "description",
            "type": {
              "kind": "NON_NULL",
              "name": null,
              "ofType": {
                "kind": "SCALAR",
                "name": "String",
                "ofType": null
              }
            }
          },
          {
            "args": [],
            "deprecationReason": null,
            "description": null,
            "isDeprecated": false,
            "name": "name",
            "type": {
              "kind": "NON_NULL",
              "name": null,
              "ofType": {
                "kind": "SCALAR",
                "name": "String",
                "ofType": null
              }
            }
          },
          {
            "args": [],
            "deprecationReason": null,
            "description": null,
            "isDeprecated": false,
            "name": "type",
            "type": {
              "kind": "OBJECT",
              "name": "__Type",
              "ofType": null
            }
          }
        ],
        "inputFields": null,
        "interfaces": [],
        "kind": "OBJECT",
        "name": "__InputValue",
        "possibleTypes": null
      },
      {
        "description": null,
        "enumValues": null,
        "fields": [
          {
            "args": [],
            "deprecationReason": null,
            "description": null,
            "isDeprecated": false,
            "name": "description",
            "type": {
              "kind": "NON_NULL",
              "name": null,
              "ofType": {
                "kind": "SCALAR",
                "name": "String",
                "ofType": null
              }
            }
          },
          {
            "args": [],
            "deprecationReason": null,
            "description": null,
            "isDeprecated": false,
            "name": "directives",
            "type": {
              "kind": "OBJECT",
              "name": "__Directive",
              "ofType": null
            }
          },
          {
            "args": [],
            "deprecationReason": null,
            "description": null,
            "isDeprecated": false,
            "name": "mutationType",
            "type": {
              "kind": "OBJECT",
              "name": "__Type",
              "ofType": null
            }
          },
          {
            "args": [],
            "deprecationReason": null,
            "description": null,
            "isDeprecated": false,
            "name": "queryType",
            "type": {
              "kind": "OBJECT",
              "name": "__Type",
              "ofType": null
            }
          },
          {
            "args": [],
            "deprecationReason": null,
            "description": null,
            "isDeprecated": false,
            "name": "subscriptionType",
            "type": {
              "kind": "OBJECT",
              "name": "__Type",
              "ofType": null
            }
          },
          {
            "args": [],
            "deprecationReason": null,
            "description": null,
            "isDeprecated": false,
            "name": "types",
            "type": {
              "kind": "OBJECT",
              "name": "__Type",
              "ofType": null
            }
          }
        ],
        "inputFields": null,
        "interfaces": [],
        "kind": "OBJECT",
        "name": "__Schema",
        "possibleTypes": null
      },
      {
        "description": null,
        "enumValues": null,
        "fields": [
          {
            "args": [],
            "deprecationReason": null,
            "description": null,
            "isDeprecated": false,
            "name": "description",
            "type": {
              "kind": "NON_NULL",
              "name": null,
              "ofType": {
                "kind": "SCALAR",
                "name": "String",
                "ofType": null
              }
            }
          },
          {
            "args": [
              {
                "defaultValue": "false",
                "description": null,
                "name": "includeDeprecated",
                "type": {
                  "kind": "SCALAR",
                  "name": "Boolean",
                  "ofType": null
                }
              }
            ],
            "deprecationReason": null,
            "description": null,
            "isDeprecated": false,
            "name": "enumValues",
            "type": {
              "kind": "OBJECT",
              "name": "__EnumValue",
              "ofType": null
            }
          },
          {
            "args": [
              {
                "defaultValue": "false",
                "description": null,
                "name": "includeDeprecated",
                "type": {
                  "kind": "SCALAR",
                  "name": "Boolean",
                  "ofType": null
                }
              }
            ],
            "deprecationReason": null,
            "description": null,
            "isDeprecated": false,
            "name": "fields",
            "type": {
              "kind": "OBJECT",
              "name": "__Field",
              "ofType": null
            }
          },
          {
            "args": [],
            "deprecationReason": null,
            "description": null,
            "isDeprecated": false,
            "name": "inputFields",
            "type": {
              "kind": "OBJECT",
              "name": "__InputValue",
              "ofType": null
            }
          },
          {
            "args": [],
            "deprecationReason": null,
            "description": null,
            "isDeprecated": false,
            "name": "interfaces",
            "type": {
              "kind": "OBJECT",
              "name": "__Type",
              "ofType": null
            }
          },
          {
            "args": [],
            "deprecationReason": null,
            "description": null,
            "isDeprecated": false,
            "name": "kind",
            "type": {
              "kind": "NON_NULL",
              "name": null,
              "ofType": {
                "kind": "ENUM",
                "name": "__TypeKind",
                "ofType": null
              }
            }
          },
          {
            "args": [],
            "deprecationReason": null,
            "description": null,
            "isDeprecated": false,
            "name": "name",
            "type": {
              "kind": "NON_NULL",
              "name": null,
              "ofType": {
                "kind": "SCALAR",
                "name": "String",
                "ofType": null
              }
            }
          },
          {
            "args": [],
            "deprecationReason": null,
            "description": null,
            "isDeprecated": false,
            "name": "ofType",
            "type": {
              "kind": "OBJECT",
              "name": "__Type",
              "ofType": null
            }
          },
          {
            "args": [],
            "deprecationReason": null,
            "description": null,
            "isDeprecated": false,
            "name": "possibleTypes",
            "type": {
              "kind": "OBJECT",
              "name": "__Type",
              "ofType": null
            }
          }
        ],
        "inputFields": null,
        "interfaces": [],
        "kind": "OBJECT",
        "name": "__Type",
        "possibleTypes": null
      },
      {
        "description": null,
        "enumValues": [
          {
            "deprecationReason": null,
            "description": null,
            "isDeprecated": false,
            "name": "ENUM"
          },
          {
            "deprecationReason": null,
            "description": null,
            "isDeprecated": false,
            "name": "INPUT_OBJECT"
          },
          {
            "deprecationReason": null,
            "description": null,
            "isDeprecated": false,
            "name": "INTERFACE"
          },
          {
            "deprecationReason": null,
            "description": null,
            "isDeprecated": false,
            "name": "LIST"
          },
          {
            "deprecationReason": null,
            "description": null,
            "isDeprecated": false,
            "name": "NON_NULL"
          },
          {
            "deprecationReason": null,
            "description": null,
            "isDeprecated": false,
            "name": "OBJECT"
          },
          {
            "deprecationReason": null,
            "description": null,
            "isDeprecated": false,
            "name": "SCALAR"
          },
          {
            "deprecationReason": null,
            "description": null,
            "isDeprecated": false,
            "name": "UNION"
          }
        ],
        "fields": null,
        "inputFields": null,
        "interfaces": null,
        "kind": "ENUM",
        "name": "__TypeKind",
        "possibleTypes": null
      },
      {
        "description": null,
        "enumValues": null,
        "fields": [],
        "inputFields": null,
        "interfaces": [],
        "kind": "OBJECT",
        "name": "query_root",
        "possibleTypes": null
      },
      {
        "description": null,
        "enumValues": null,
        "fields": [],
        "inputFields": null,
        "interfaces": [],
        "kind": "OBJECT",
        "name": "subscription_root",
        "possibleTypes": null
      }
    ]
  }
}