---
source: crates/metadata-resolve/tests/metadata_golden_tests.rs
expression: resolved
input_file: crates/metadata-resolve/tests/passing/missing_subgraph_when_ignoring_unknown_subgraphs/metadata.json
---
(
    Metadata {
        object_types: {
            Qualified {
                subgraph: SubgraphName(
                    "article_namespace",
                ),
                name: CustomTypeName(
                    Identifier(
                        "article",
                    ),
                ),
            }: ObjectTypeWithRelationships {
                object_type: ObjectTypeRepresentation {
                    fields: {
                        FieldName(
                            Identifier(
                                "article_id",
                            ),
                        ): FieldDefinition {
                            field_type: QualifiedTypeReference {
                                underlying_type: Named(
                                    Inbuilt(
                                        Int,
                                    ),
                                ),
                                nullable: false,
                            },
                            description: None,
                            deprecated: None,
                            field_arguments: {},
                        },
                        FieldName(
                            Identifier(
                                "title",
                            ),
                        ): FieldDefinition {
                            field_type: QualifiedTypeReference {
                                underlying_type: Named(
                                    Inbuilt(
                                        String,
                                    ),
                                ),
                                nullable: false,
                            },
                            description: None,
                            deprecated: None,
                            field_arguments: {},
                        },
                        FieldName(
                            Identifier(
                                "author_id",
                            ),
                        ): FieldDefinition {
                            field_type: QualifiedTypeReference {
                                underlying_type: Named(
                                    Inbuilt(
                                        Int,
                                    ),
                                ),
                                nullable: false,
                            },
                            description: None,
                            deprecated: None,
                            field_arguments: {},
                        },
                    },
                    global_id_fields: [
                        FieldName(
                            Identifier(
                                "article_id",
                            ),
                        ),
                    ],
                    apollo_federation_config: None,
                    graphql_output_type_name: Some(
                        TypeName(
                            Name(
                                "Article",
                            ),
                        ),
                    ),
                    graphql_input_type_name: None,
                    description: None,
                },
                type_output_permissions: {
                    Role(
                        "admin",
                    ): TypeOutputPermission {
                        allowed_fields: {
                            FieldName(
                                Identifier(
                                    "article_id",
                                ),
                            ),
                            FieldName(
                                Identifier(
                                    "title",
                                ),
                            ),
                            FieldName(
                                Identifier(
                                    "author_id",
                                ),
                            ),
                        },
                    },
                    Role(
                        "user1",
                    ): TypeOutputPermission {
                        allowed_fields: {
                            FieldName(
                                Identifier(
                                    "title",
                                ),
                            ),
                            FieldName(
                                Identifier(
                                    "author_id",
                                ),
                            ),
                        },
                    },
                    Role(
                        "user2",
                    ): TypeOutputPermission {
                        allowed_fields: {
                            FieldName(
                                Identifier(
                                    "title",
                                ),
                            ),
                            FieldName(
                                Identifier(
                                    "author_id",
                                ),
                            ),
                        },
                    },
                },
                type_input_permissions: {},
                relationship_fields: {},
                type_mappings: DataConnectorTypeMappingsForObject {
                    mappings: {
                        Qualified {
                            subgraph: SubgraphName(
                                "article_namespace",
                            ),
                            name: DataConnectorName(
                                Identifier(
                                    "db",
                                ),
                            ),
                        }: {
                            DataConnectorObjectType(
                                "article",
                            ): Object {
                                ndc_object_type_name: DataConnectorObjectType(
                                    "article",
                                ),
                                field_mappings: {
                                    FieldName(
                                        Identifier(
                                            "article_id",
                                        ),
                                    ): FieldMapping {
                                        column: DataConnectorColumnName(
                                            "id",
                                        ),
                                        column_type: Named {
                                            name: TypeName(
                                                "int4",
                                            ),
                                        },
                                        column_type_representation: Some(
                                            JSON,
                                        ),
                                        comparison_operators: Some(
                                            ComparisonOperators {
                                                eq_operator: Some(
                                                    DataConnectorOperatorName(
                                                        "_eq",
                                                    ),
                                                ),
                                                in_operator: None,
                                                lt_operator: None,
                                                lte_operator: None,
                                                gt_operator: None,
                                                gte_operator: None,
                                                contains_operator: None,
                                                icontains_operator: None,
                                                starts_with_operator: None,
                                                istarts_with_operator: None,
                                                ends_with_operator: None,
                                                iends_with_operator: None,
                                                other_operators: [
                                                    DataConnectorOperatorName(
                                                        "_gt",
                                                    ),
                                                    DataConnectorOperatorName(
                                                        "_gte",
                                                    ),
                                                    DataConnectorOperatorName(
                                                        "_lt",
                                                    ),
                                                    DataConnectorOperatorName(
                                                        "_lte",
                                                    ),
                                                    DataConnectorOperatorName(
                                                        "_neq",
                                                    ),
                                                ],
                                            },
                                        ),
                                        aggregate_functions: Some(
                                            AggregateFunctions {
                                                sum_function: None,
                                                min_function: None,
                                                max_function: None,
                                                avg_function: None,
                                                other_functions: [
                                                    DataConnectorAggregationFunctionName(
                                                        "avg",
                                                    ),
                                                    DataConnectorAggregationFunctionName(
                                                        "bit_and",
                                                    ),
                                                    DataConnectorAggregationFunctionName(
                                                        "bit_or",
                                                    ),
                                                    DataConnectorAggregationFunctionName(
                                                        "bit_xor",
                                                    ),
                                                    DataConnectorAggregationFunctionName(
                                                        "max",
                                                    ),
                                                    DataConnectorAggregationFunctionName(
                                                        "min",
                                                    ),
                                                    DataConnectorAggregationFunctionName(
                                                        "stddev",
                                                    ),
                                                    DataConnectorAggregationFunctionName(
                                                        "stddev_pop",
                                                    ),
                                                    DataConnectorAggregationFunctionName(
                                                        "stddev_samp",
                                                    ),
                                                    DataConnectorAggregationFunctionName(
                                                        "var_pop",
                                                    ),
                                                    DataConnectorAggregationFunctionName(
                                                        "var_samp",
                                                    ),
                                                    DataConnectorAggregationFunctionName(
                                                        "variance",
                                                    ),
                                                ],
                                            },
                                        ),
                                        extraction_functions: Some(
                                            ExtractionFunctions {
                                                year_function: None,
                                                month_function: None,
                                                day_function: None,
                                                nanosecond_function: None,
                                                microsecond_function: None,
                                                millisecond_function: None,
                                                second_function: None,
                                                minute_function: None,
                                                hour_function: None,
                                                week_function: None,
                                                quarter_function: None,
                                                day_of_week_function: None,
                                                day_of_year_function: None,
                                                other_functions: [],
                                            },
                                        ),
                                        argument_mappings: {},
                                    },
                                    FieldName(
                                        Identifier(
                                            "author_id",
                                        ),
                                    ): FieldMapping {
                                        column: DataConnectorColumnName(
                                            "author_id",
                                        ),
                                        column_type: Named {
                                            name: TypeName(
                                                "int4",
                                            ),
                                        },
                                        column_type_representation: Some(
                                            JSON,
                                        ),
                                        comparison_operators: Some(
                                            ComparisonOperators {
                                                eq_operator: Some(
                                                    DataConnectorOperatorName(
                                                        "_eq",
                                                    ),
                                                ),
                                                in_operator: None,
                                                lt_operator: None,
                                                lte_operator: None,
                                                gt_operator: None,
                                                gte_operator: None,
                                                contains_operator: None,
                                                icontains_operator: None,
                                                starts_with_operator: None,
                                                istarts_with_operator: None,
                                                ends_with_operator: None,
                                                iends_with_operator: None,
                                                other_operators: [
                                                    DataConnectorOperatorName(
                                                        "_gt",
                                                    ),
                                                    DataConnectorOperatorName(
                                                        "_gte",
                                                    ),
                                                    DataConnectorOperatorName(
                                                        "_lt",
                                                    ),
                                                    DataConnectorOperatorName(
                                                        "_lte",
                                                    ),
                                                    DataConnectorOperatorName(
                                                        "_neq",
                                                    ),
                                                ],
                                            },
                                        ),
                                        aggregate_functions: Some(
                                            AggregateFunctions {
                                                sum_function: None,
                                                min_function: None,
                                                max_function: None,
                                                avg_function: None,
                                                other_functions: [
                                                    DataConnectorAggregationFunctionName(
                                                        "avg",
                                                    ),
                                                    DataConnectorAggregationFunctionName(
                                                        "bit_and",
                                                    ),
                                                    DataConnectorAggregationFunctionName(
                                                        "bit_or",
                                                    ),
                                                    DataConnectorAggregationFunctionName(
                                                        "bit_xor",
                                                    ),
                                                    DataConnectorAggregationFunctionName(
                                                        "max",
                                                    ),
                                                    DataConnectorAggregationFunctionName(
                                                        "min",
                                                    ),
                                                    DataConnectorAggregationFunctionName(
                                                        "stddev",
                                                    ),
                                                    DataConnectorAggregationFunctionName(
                                                        "stddev_pop",
                                                    ),
                                                    DataConnectorAggregationFunctionName(
                                                        "stddev_samp",
                                                    ),
                                                    DataConnectorAggregationFunctionName(
                                                        "var_pop",
                                                    ),
                                                    DataConnectorAggregationFunctionName(
                                                        "var_samp",
                                                    ),
                                                    DataConnectorAggregationFunctionName(
                                                        "variance",
                                                    ),
                                                ],
                                            },
                                        ),
                                        extraction_functions: Some(
                                            ExtractionFunctions {
                                                year_function: None,
                                                month_function: None,
                                                day_function: None,
                                                nanosecond_function: None,
                                                microsecond_function: None,
                                                millisecond_function: None,
                                                second_function: None,
                                                minute_function: None,
                                                hour_function: None,
                                                week_function: None,
                                                quarter_function: None,
                                                day_of_week_function: None,
                                                day_of_year_function: None,
                                                other_functions: [],
                                            },
                                        ),
                                        argument_mappings: {},
                                    },
                                    FieldName(
                                        Identifier(
                                            "title",
                                        ),
                                    ): FieldMapping {
                                        column: DataConnectorColumnName(
                                            "title",
                                        ),
                                        column_type: Named {
                                            name: TypeName(
                                                "varchar",
                                            ),
                                        },
                                        column_type_representation: Some(
                                            JSON,
                                        ),
                                        comparison_operators: Some(
                                            ComparisonOperators {
                                                eq_operator: Some(
                                                    DataConnectorOperatorName(
                                                        "_eq",
                                                    ),
                                                ),
                                                in_operator: None,
                                                lt_operator: None,
                                                lte_operator: None,
                                                gt_operator: None,
                                                gte_operator: None,
                                                contains_operator: None,
                                                icontains_operator: None,
                                                starts_with_operator: None,
                                                istarts_with_operator: None,
                                                ends_with_operator: None,
                                                iends_with_operator: None,
                                                other_operators: [
                                                    DataConnectorOperatorName(
                                                        "_gt",
                                                    ),
                                                    DataConnectorOperatorName(
                                                        "_gte",
                                                    ),
                                                    DataConnectorOperatorName(
                                                        "_ilike",
                                                    ),
                                                    DataConnectorOperatorName(
                                                        "_iregex",
                                                    ),
                                                    DataConnectorOperatorName(
                                                        "_like",
                                                    ),
                                                    DataConnectorOperatorName(
                                                        "_lt",
                                                    ),
                                                    DataConnectorOperatorName(
                                                        "_lte",
                                                    ),
                                                    DataConnectorOperatorName(
                                                        "_neq",
                                                    ),
                                                    DataConnectorOperatorName(
                                                        "_nilike",
                                                    ),
                                                    DataConnectorOperatorName(
                                                        "_niregex",
                                                    ),
                                                    DataConnectorOperatorName(
                                                        "_nlike",
                                                    ),
                                                    DataConnectorOperatorName(
                                                        "_nregex",
                                                    ),
                                                    DataConnectorOperatorName(
                                                        "_regex",
                                                    ),
                                                    DataConnectorOperatorName(
                                                        "st_coveredby",
                                                    ),
                                                    DataConnectorOperatorName(
                                                        "st_covers",
                                                    ),
                                                    DataConnectorOperatorName(
                                                        "st_intersects",
                                                    ),
                                                    DataConnectorOperatorName(
                                                        "st_relatematch",
                                                    ),
                                                    DataConnectorOperatorName(
                                                        "starts_with",
                                                    ),
                                                    DataConnectorOperatorName(
                                                        "ts_match_tt",
                                                    ),
                                                ],
                                            },
                                        ),
                                        aggregate_functions: Some(
                                            AggregateFunctions {
                                                sum_function: None,
                                                min_function: None,
                                                max_function: None,
                                                avg_function: None,
                                                other_functions: [],
                                            },
                                        ),
                                        extraction_functions: Some(
                                            ExtractionFunctions {
                                                year_function: None,
                                                month_function: None,
                                                day_function: None,
                                                nanosecond_function: None,
                                                microsecond_function: None,
                                                millisecond_function: None,
                                                second_function: None,
                                                minute_function: None,
                                                hour_function: None,
                                                week_function: None,
                                                quarter_function: None,
                                                day_of_week_function: None,
                                                day_of_year_function: None,
                                                other_functions: [],
                                            },
                                        ),
                                        argument_mappings: {},
                                    },
                                },
                            },
                        },
                    },
                },
            },
        },
        scalar_types: {},
        models: {
            Qualified {
                subgraph: SubgraphName(
                    "article_namespace",
                ),
                name: ModelName(
                    Identifier(
                        "Articles",
                    ),
                ),
            }: ModelWithPermissions {
                model: Model {
                    path: JSONPath(
                        [
                            Key(
                                "subgraphs",
                            ),
                            Index(
                                0,
                            ),
                            Key(
                                "objects",
                            ),
                            Index(
                                4,
                            ),
                        ],
                    ),
                    name: Qualified {
                        subgraph: SubgraphName(
                            "article_namespace",
                        ),
                        name: ModelName(
                            Identifier(
                                "Articles",
                            ),
                        ),
                    },
                    data_type: Qualified {
                        subgraph: SubgraphName(
                            "article_namespace",
                        ),
                        name: CustomTypeName(
                            Identifier(
                                "article",
                            ),
                        ),
                    },
                    type_fields: {
                        FieldName(
                            Identifier(
                                "article_id",
                            ),
                        ): FieldDefinition {
                            field_type: QualifiedTypeReference {
                                underlying_type: Named(
                                    Inbuilt(
                                        Int,
                                    ),
                                ),
                                nullable: false,
                            },
                            description: None,
                            deprecated: None,
                            field_arguments: {},
                        },
                        FieldName(
                            Identifier(
                                "title",
                            ),
                        ): FieldDefinition {
                            field_type: QualifiedTypeReference {
                                underlying_type: Named(
                                    Inbuilt(
                                        String,
                                    ),
                                ),
                                nullable: false,
                            },
                            description: None,
                            deprecated: None,
                            field_arguments: {},
                        },
                        FieldName(
                            Identifier(
                                "author_id",
                            ),
                        ): FieldDefinition {
                            field_type: QualifiedTypeReference {
                                underlying_type: Named(
                                    Inbuilt(
                                        Int,
                                    ),
                                ),
                                nullable: false,
                            },
                            description: None,
                            deprecated: None,
                            field_arguments: {},
                        },
                    },
                    global_id_fields: [
                        FieldName(
                            Identifier(
                                "article_id",
                            ),
                        ),
                    ],
                    source: Some(
                        ModelSource {
                            data_connector: DataConnectorLink {
                                name: Qualified {
                                    subgraph: SubgraphName(
                                        "article_namespace",
                                    ),
                                    name: DataConnectorName(
                                        Identifier(
                                            "db",
                                        ),
                                    ),
                                },
                                url: SingleUrl(
                                    SerializableUrl(
                                        Url {
                                            scheme: "http",
                                            cannot_be_a_base: false,
                                            username: "",
                                            password: None,
                                            host: Some(
                                                Domain(
                                                    "localhost",
                                                ),
                                            ),
                                            port: Some(
                                                8080,
                                            ),
                                            path: "/",
                                            query: None,
                                            fragment: None,
                                        },
                                    ),
                                ),
                                headers: SerializableHeaderMap(
                                    {},
                                ),
                                response_config: None,
                                capabilities: DataConnectorCapabilities {
                                    supported_ndc_version: V01,
                                    supports_explaining_queries: true,
                                    supports_explaining_mutations: false,
                                    supports_nested_object_filtering: true,
                                    supports_nested_object_ordering: true,
                                    supports_nested_object_array_filtering: false,
                                    supports_nested_scalar_array_filtering: false,
                                    supports_aggregates: Some(
                                        DataConnectorAggregateCapabilities {
                                            supports_nested_object_aggregations: false,
                                            aggregate_count_scalar_type: None,
                                            supports_grouping: None,
                                        },
                                    ),
                                    supports_query_variables: true,
                                    supports_relationships: Some(
                                        DataConnectorRelationshipCapabilities {
                                            supports_relation_comparisons: true,
                                            supports_nested_relationships: Some(
                                                DataConnectorNestedRelationshipCapabilities {
                                                    supports_nested_array_selection: true,
                                                    supports_nested_in_filtering: false,
                                                    supports_nested_in_ordering: false,
                                                },
                                            ),
                                        },
                                    ),
                                    supports_relational_queries: None,
                                },
                            },
                            collection: CollectionName(
                                "article",
                            ),
                            collection_type: DataConnectorObjectType(
                                "article",
                            ),
                            type_mappings: {
                                Qualified {
                                    subgraph: SubgraphName(
                                        "article_namespace",
                                    ),
                                    name: CustomTypeName(
                                        Identifier(
                                            "article",
                                        ),
                                    ),
                                }: Object {
                                    ndc_object_type_name: DataConnectorObjectType(
                                        "article",
                                    ),
                                    field_mappings: {
                                        FieldName(
                                            Identifier(
                                                "article_id",
                                            ),
                                        ): FieldMapping {
                                            column: DataConnectorColumnName(
                                                "id",
                                            ),
                                            column_type: Named {
                                                name: TypeName(
                                                    "int4",
                                                ),
                                            },
                                            column_type_representation: Some(
                                                JSON,
                                            ),
                                            comparison_operators: Some(
                                                ComparisonOperators {
                                                    eq_operator: Some(
                                                        DataConnectorOperatorName(
                                                            "_eq",
                                                        ),
                                                    ),
                                                    in_operator: None,
                                                    lt_operator: None,
                                                    lte_operator: None,
                                                    gt_operator: None,
                                                    gte_operator: None,
                                                    contains_operator: None,
                                                    icontains_operator: None,
                                                    starts_with_operator: None,
                                                    istarts_with_operator: None,
                                                    ends_with_operator: None,
                                                    iends_with_operator: None,
                                                    other_operators: [
                                                        DataConnectorOperatorName(
                                                            "_gt",
                                                        ),
                                                        DataConnectorOperatorName(
                                                            "_gte",
                                                        ),
                                                        DataConnectorOperatorName(
                                                            "_lt",
                                                        ),
                                                        DataConnectorOperatorName(
                                                            "_lte",
                                                        ),
                                                        DataConnectorOperatorName(
                                                            "_neq",
                                                        ),
                                                    ],
                                                },
                                            ),
                                            aggregate_functions: Some(
                                                AggregateFunctions {
                                                    sum_function: None,
                                                    min_function: None,
                                                    max_function: None,
                                                    avg_function: None,
                                                    other_functions: [
                                                        DataConnectorAggregationFunctionName(
                                                            "avg",
                                                        ),
                                                        DataConnectorAggregationFunctionName(
                                                            "bit_and",
                                                        ),
                                                        DataConnectorAggregationFunctionName(
                                                            "bit_or",
                                                        ),
                                                        DataConnectorAggregationFunctionName(
                                                            "bit_xor",
                                                        ),
                                                        DataConnectorAggregationFunctionName(
                                                            "max",
                                                        ),
                                                        DataConnectorAggregationFunctionName(
                                                            "min",
                                                        ),
                                                        DataConnectorAggregationFunctionName(
                                                            "stddev",
                                                        ),
                                                        DataConnectorAggregationFunctionName(
                                                            "stddev_pop",
                                                        ),
                                                        DataConnectorAggregationFunctionName(
                                                            "stddev_samp",
                                                        ),
                                                        DataConnectorAggregationFunctionName(
                                                            "var_pop",
                                                        ),
                                                        DataConnectorAggregationFunctionName(
                                                            "var_samp",
                                                        ),
                                                        DataConnectorAggregationFunctionName(
                                                            "variance",
                                                        ),
                                                    ],
                                                },
                                            ),
                                            extraction_functions: Some(
                                                ExtractionFunctions {
                                                    year_function: None,
                                                    month_function: None,
                                                    day_function: None,
                                                    nanosecond_function: None,
                                                    microsecond_function: None,
                                                    millisecond_function: None,
                                                    second_function: None,
                                                    minute_function: None,
                                                    hour_function: None,
                                                    week_function: None,
                                                    quarter_function: None,
                                                    day_of_week_function: None,
                                                    day_of_year_function: None,
                                                    other_functions: [],
                                                },
                                            ),
                                            argument_mappings: {},
                                        },
                                        FieldName(
                                            Identifier(
                                                "author_id",
                                            ),
                                        ): FieldMapping {
                                            column: DataConnectorColumnName(
                                                "author_id",
                                            ),
                                            column_type: Named {
                                                name: TypeName(
                                                    "int4",
                                                ),
                                            },
                                            column_type_representation: Some(
                                                JSON,
                                            ),
                                            comparison_operators: Some(
                                                ComparisonOperators {
                                                    eq_operator: Some(
                                                        DataConnectorOperatorName(
                                                            "_eq",
                                                        ),
                                                    ),
                                                    in_operator: None,
                                                    lt_operator: None,
                                                    lte_operator: None,
                                                    gt_operator: None,
                                                    gte_operator: None,
                                                    contains_operator: None,
                                                    icontains_operator: None,
                                                    starts_with_operator: None,
                                                    istarts_with_operator: None,
                                                    ends_with_operator: None,
                                                    iends_with_operator: None,
                                                    other_operators: [
                                                        DataConnectorOperatorName(
                                                            "_gt",
                                                        ),
                                                        DataConnectorOperatorName(
                                                            "_gte",
                                                        ),
                                                        DataConnectorOperatorName(
                                                            "_lt",
                                                        ),
                                                        DataConnectorOperatorName(
                                                            "_lte",
                                                        ),
                                                        DataConnectorOperatorName(
                                                            "_neq",
                                                        ),
                                                    ],
                                                },
                                            ),
                                            aggregate_functions: Some(
                                                AggregateFunctions {
                                                    sum_function: None,
                                                    min_function: None,
                                                    max_function: None,
                                                    avg_function: None,
                                                    other_functions: [
                                                        DataConnectorAggregationFunctionName(
                                                            "avg",
                                                        ),
                                                        DataConnectorAggregationFunctionName(
                                                            "bit_and",
                                                        ),
                                                        DataConnectorAggregationFunctionName(
                                                            "bit_or",
                                                        ),
                                                        DataConnectorAggregationFunctionName(
                                                            "bit_xor",
                                                        ),
                                                        DataConnectorAggregationFunctionName(
                                                            "max",
                                                        ),
                                                        DataConnectorAggregationFunctionName(
                                                            "min",
                                                        ),
                                                        DataConnectorAggregationFunctionName(
                                                            "stddev",
                                                        ),
                                                        DataConnectorAggregationFunctionName(
                                                            "stddev_pop",
                                                        ),
                                                        DataConnectorAggregationFunctionName(
                                                            "stddev_samp",
                                                        ),
                                                        DataConnectorAggregationFunctionName(
                                                            "var_pop",
                                                        ),
                                                        DataConnectorAggregationFunctionName(
                                                            "var_samp",
                                                        ),
                                                        DataConnectorAggregationFunctionName(
                                                            "variance",
                                                        ),
                                                    ],
                                                },
                                            ),
                                            extraction_functions: Some(
                                                ExtractionFunctions {
                                                    year_function: None,
                                                    month_function: None,
                                                    day_function: None,
                                                    nanosecond_function: None,
                                                    microsecond_function: None,
                                                    millisecond_function: None,
                                                    second_function: None,
                                                    minute_function: None,
                                                    hour_function: None,
                                                    week_function: None,
                                                    quarter_function: None,
                                                    day_of_week_function: None,
                                                    day_of_year_function: None,
                                                    other_functions: [],
                                                },
                                            ),
                                            argument_mappings: {},
                                        },
                                        FieldName(
                                            Identifier(
                                                "title",
                                            ),
                                        ): FieldMapping {
                                            column: DataConnectorColumnName(
                                                "title",
                                            ),
                                            column_type: Named {
                                                name: TypeName(
                                                    "varchar",
                                                ),
                                            },
                                            column_type_representation: Some(
                                                JSON,
                                            ),
                                            comparison_operators: Some(
                                                ComparisonOperators {
                                                    eq_operator: Some(
                                                        DataConnectorOperatorName(
                                                            "_eq",
                                                        ),
                                                    ),
                                                    in_operator: None,
                                                    lt_operator: None,
                                                    lte_operator: None,
                                                    gt_operator: None,
                                                    gte_operator: None,
                                                    contains_operator: None,
                                                    icontains_operator: None,
                                                    starts_with_operator: None,
                                                    istarts_with_operator: None,
                                                    ends_with_operator: None,
                                                    iends_with_operator: None,
                                                    other_operators: [
                                                        DataConnectorOperatorName(
                                                            "_gt",
                                                        ),
                                                        DataConnectorOperatorName(
                                                            "_gte",
                                                        ),
                                                        DataConnectorOperatorName(
                                                            "_ilike",
                                                        ),
                                                        DataConnectorOperatorName(
                                                            "_iregex",
                                                        ),
                                                        DataConnectorOperatorName(
                                                            "_like",
                                                        ),
                                                        DataConnectorOperatorName(
                                                            "_lt",
                                                        ),
                                                        DataConnectorOperatorName(
                                                            "_lte",
                                                        ),
                                                        DataConnectorOperatorName(
                                                            "_neq",
                                                        ),
                                                        DataConnectorOperatorName(
                                                            "_nilike",
                                                        ),
                                                        DataConnectorOperatorName(
                                                            "_niregex",
                                                        ),
                                                        DataConnectorOperatorName(
                                                            "_nlike",
                                                        ),
                                                        DataConnectorOperatorName(
                                                            "_nregex",
                                                        ),
                                                        DataConnectorOperatorName(
                                                            "_regex",
                                                        ),
                                                        DataConnectorOperatorName(
                                                            "st_coveredby",
                                                        ),
                                                        DataConnectorOperatorName(
                                                            "st_covers",
                                                        ),
                                                        DataConnectorOperatorName(
                                                            "st_intersects",
                                                        ),
                                                        DataConnectorOperatorName(
                                                            "st_relatematch",
                                                        ),
                                                        DataConnectorOperatorName(
                                                            "starts_with",
                                                        ),
                                                        DataConnectorOperatorName(
                                                            "ts_match_tt",
                                                        ),
                                                    ],
                                                },
                                            ),
                                            aggregate_functions: Some(
                                                AggregateFunctions {
                                                    sum_function: None,
                                                    min_function: None,
                                                    max_function: None,
                                                    avg_function: None,
                                                    other_functions: [],
                                                },
                                            ),
                                            extraction_functions: Some(
                                                ExtractionFunctions {
                                                    year_function: None,
                                                    month_function: None,
                                                    day_function: None,
                                                    nanosecond_function: None,
                                                    microsecond_function: None,
                                                    millisecond_function: None,
                                                    second_function: None,
                                                    minute_function: None,
                                                    hour_function: None,
                                                    week_function: None,
                                                    quarter_function: None,
                                                    day_of_week_function: None,
                                                    day_of_year_function: None,
                                                    other_functions: [],
                                                },
                                            ),
                                            argument_mappings: {},
                                        },
                                    },
                                },
                            },
                            argument_mappings: {},
                            data_connector_link_argument_presets: {},
                            source_arguments: {},
                        },
                    ),
                    global_id_source: Some(
                        NDCFieldSourceMapping {
                            ndc_mapping: {
                                FieldName(
                                    Identifier(
                                        "article_id",
                                    ),
                                ): NdcColumnForComparison {
                                    column: DataConnectorColumnName(
                                        "id",
                                    ),
                                    equal_operator: DataConnectorOperatorName(
                                        "_eq",
                                    ),
                                },
                            },
                        },
                    ),
                    apollo_federation_key_source: None,
                    aggregate_expression: None,
                },
                arguments: {},
                select_permissions: {
                    Role(
                        "admin",
                    ): SelectPermission {
                        filter: AllowAll,
                        argument_presets: {},
                        allow_subscriptions: false,
                    },
                    Role(
                        "user1",
                    ): SelectPermission {
                        filter: Filter(
                            BinaryFieldComparison {
                                field: FieldName(
                                    Identifier(
                                        "author_id",
                                    ),
                                ),
                                field_parent_type: Qualified {
                                    subgraph: SubgraphName(
                                        "article_namespace",
                                    ),
                                    name: CustomTypeName(
                                        Identifier(
                                            "article",
                                        ),
                                    ),
                                },
                                ndc_column: DataConnectorColumnName(
                                    "author_id",
                                ),
                                operator: ResolvedOperator {
                                    data_connector_operator_name: DataConnectorOperatorName(
                                        "_eq",
                                    ),
                                    comparison_operator: Equals,
                                },
                                column_path: [],
                                argument_type: QualifiedTypeReference {
                                    underlying_type: Named(
                                        Inbuilt(
                                            Int,
                                        ),
                                    ),
                                    nullable: false,
                                },
                                value: SessionVariable(
                                    SessionVariableReference {
                                        name: SessionVariableName(
                                            "x-hasura-user-id",
                                        ),
                                        passed_as_json: false,
                                        disallow_unknown_fields: false,
                                    },
                                ),
                                deprecated: None,
                            },
                        ),
                        argument_presets: {},
                        allow_subscriptions: false,
                    },
                    Role(
                        "user2",
                    ): SelectPermission {
                        filter: AllowAll,
                        argument_presets: {},
                        allow_subscriptions: false,
                    },
                },
                filter_expression_type: None,
                graphql_api: ModelGraphQlApi {
                    arguments_input_config: None,
                    select_uniques: [],
                    select_many: Some(
                        SelectManyGraphQlDefinition {
                            query_root_field: Name(
                                "Articles",
                            ),
                            description: None,
                            deprecated: None,
                            subscription: None,
                        },
                    ),
                    select_aggregate: None,
                    order_by_expression: None,
                    limit_field: Some(
                        LimitFieldGraphqlConfig {
                            field_name: Name(
                                "limit",
                            ),
                        },
                    ),
                    offset_field: Some(
                        OffsetFieldGraphqlConfig {
                            field_name: Name(
                                "offset",
                            ),
                        },
                    ),
                    filter_input_type_name: None,
                },
                description: None,
            },
        },
        commands: {},
        boolean_expression_types: BooleanExpressionTypes {
            objects: {},
            scalars: {},
            object_aggregates: {},
            scalar_aggregates: {},
        },
        order_by_expressions: OrderByExpressions {
            objects: {
                Qualified {
                    subgraph: SubgraphName(
                        "article_namespace",
                    ),
                    name: FromModel(
                        ModelName(
                            Identifier(
                                "Articles",
                            ),
                        ),
                    ),
                }: ObjectOrderByExpression {
                    identifier: Qualified {
                        subgraph: SubgraphName(
                            "article_namespace",
                        ),
                        name: FromModel(
                            ModelName(
                                Identifier(
                                    "Articles",
                                ),
                            ),
                        ),
                    },
                    ordered_type: Qualified {
                        subgraph: SubgraphName(
                            "article_namespace",
                        ),
                        name: CustomTypeName(
                            Identifier(
                                "article",
                            ),
                        ),
                    },
                    orderable_fields: {
                        FieldName(
                            Identifier(
                                "article_id",
                            ),
                        ): Scalar(
                            OrderableScalarField {
                                order_by_expression_identifier: Qualified {
                                    subgraph: SubgraphName(
                                        "article_namespace",
                                    ),
                                    name: FromModelField(
                                        ModelName(
                                            Identifier(
                                                "Articles",
                                            ),
                                        ),
                                        FieldName(
                                            Identifier(
                                                "article_id",
                                            ),
                                        ),
                                    ),
                                },
                            },
                        ),
                        FieldName(
                            Identifier(
                                "author_id",
                            ),
                        ): Scalar(
                            OrderableScalarField {
                                order_by_expression_identifier: Qualified {
                                    subgraph: SubgraphName(
                                        "article_namespace",
                                    ),
                                    name: FromModelField(
                                        ModelName(
                                            Identifier(
                                                "Articles",
                                            ),
                                        ),
                                        FieldName(
                                            Identifier(
                                                "author_id",
                                            ),
                                        ),
                                    ),
                                },
                            },
                        ),
                        FieldName(
                            Identifier(
                                "title",
                            ),
                        ): Scalar(
                            OrderableScalarField {
                                order_by_expression_identifier: Qualified {
                                    subgraph: SubgraphName(
                                        "article_namespace",
                                    ),
                                    name: FromModelField(
                                        ModelName(
                                            Identifier(
                                                "Articles",
                                            ),
                                        ),
                                        FieldName(
                                            Identifier(
                                                "title",
                                            ),
                                        ),
                                    ),
                                },
                            },
                        ),
                    },
                    orderable_relationships: {},
                    graphql: None,
                    description: Some(
                        "OrderByExpression for Model Articles (in subgraph article_namespace)",
                    ),
                },
            },
            scalars: {},
        },
        aggregate_expressions: {},
        graphql_config: GlobalGraphqlConfig {
            query_root_type_name: TypeName(
                Name(
                    "Query",
                ),
            ),
            mutation_root_type_name: TypeName(
                Name(
                    "Mutation",
                ),
            ),
            subscription_root_type_name: None,
            order_by_input: Some(
                OrderByInputGraphqlConfig {
                    asc_direction_field_value: Name(
                        "Asc",
                    ),
                    desc_direction_field_value: Name(
                        "Desc",
                    ),
                    enum_type_name: TypeName(
                        Name(
                            "order_by",
                        ),
                    ),
                },
            ),
            enable_apollo_federation_fields: false,
            bypass_relation_comparisons_ndc_capability: false,
            propagate_boolean_expression_deprecation_status: false,
            multiple_order_by_input_object_fields: Allow,
        },
        glossaries: {},
        plugin_configs: LifecyclePluginConfigs {
            pre_parse_plugins: [],
            pre_response_plugins: [],
            pre_route_plugins: [],
        },
        roles: {
            Role(
                "admin",
            ),
            Role(
                "user1",
            ),
            Role(
                "user2",
            ),
        },
        runtime_flags: RuntimeFlags(
            {},
        ),
    },
    [],
)
