---
source: crates/engine/tests/common.rs
expression: results
---
{
  "AuthorManyWithLimit0Offset0": {
    "Ok": [
      {
        "rows": []
      }
    ]
  },
  "AuthorManyWithLimit1Offset0": {
    "Ok": [
      {
        "rows": [
          {
            "author_id": 1,
            "first_name": "Peter"
          }
        ]
      }
    ]
  },
  "AuthorManyWithLimit1Offset1": {
    "Ok": [
      {
        "rows": [
          {
            "author_id": 2,
            "first_name": "John"
          }
        ]
      }
    ]
  },
  "AuthorManyWithLimit2Offset1": {
    "Ok": [
      {
        "rows": [
          {
            "author_id": 2,
            "first_name": "John"
          }
        ]
      }
    ]
  },
  "AuthorManyWithLimit2Offset2": {
    "Ok": [
      {
        "rows": []
      }
    ]
  }
}
