---
source: crates/metadata-resolve/tests/metadata_golden_tests.rs
expression: string
input_file: crates/metadata-resolve/tests/failing/object_types/recursive_object_types/metadata.json
---
Error: Recursive reference detected for object type 'AddressInput (in subgraph default)' through non-null field path: AddressInput (in subgraph default).resident → PersonInput (in subgraph default).address → AddressInput (in subgraph default)
