---
source: crates/metadata-resolve/tests/metadata_golden_tests.rs
expression: string
input_file: crates/metadata-resolve/tests/failing/aggregate_boolean_expressions/scalar/object_type_not_allowed/metadata.json
---
Error: error in boolean expression type 'MyObject_aggregate_bool_exp (in subgraph default)': the operand type 'MyObject (in subgraph default)' must be a scalar type
