---
source: crates/metadata-resolve/tests/metadata_golden_tests.rs
expression: string
input_file: crates/metadata-resolve/tests/failing/object_types/scalar_boolean_expression_type_referenced/metadata.json
---
Error: Field type IntBoolExp (in subgraph default) could not be found in field int_filter for object type Zoo (in subgraph default)
