---
source: crates/metadata-resolve/tests/metadata_golden_tests.rs
expression: msg
input_file: crates/metadata-resolve/tests/failing/order_by_expressions/invalid_orderable_field/metadata.json
---
Error in order by expression MyOrderByExpression (in subgraph default): Invalid orderable field test. Exactly one of `enable_order_by_directions` or `order_by_expression_name` must be specified.
