---
source: crates/metadata-resolve/tests/metadata_golden_tests.rs
expression: msg
input_file: crates/metadata-resolve/tests/failing/boolean_expression/object_comparable_relationship_duplicated/metadata.json
---
The following issues were raised but disallowed by compatibility configuration:

the comparable relationship 'country' is defined more than once in the boolean expression type 'institution_bool_exp (in subgraph default)'
