// Jest Snapshot v1, https://goo.gl/fbAQLP

exports[`@features/Datasources/useTableRelationships hook should return success when all the correct parameters are passed for a mssql table 1`] = `
[
  {
    "from": {
      "column": [
        "category_id",
      ],
      "table": "products",
    },
    "to": {
      "column": [
        "category_id",
      ],
      "table": "categories",
    },
  },
  {
    "from": {
      "column": [
        "brand_id",
      ],
      "table": "products",
    },
    "to": {
      "column": [
        "brand_id",
      ],
      "table": "brands",
    },
  },
  {
    "from": {
      "column": [
        "product_id",
      ],
      "table": "order_items",
    },
    "to": {
      "column": [
        "product_id",
      ],
      "table": "products",
    },
  },
  {
    "from": {
      "column": [
        "product_id",
      ],
      "table": "stocks",
    },
    "to": {
      "column": [
        "product_id",
      ],
      "table": "products",
    },
  },
]
`;

exports[`@features/Datasources/useTableRelationships hook should return success when all the correct parameters are passed for a postgres table 1`] = `
[
  {
    "from": {
      "column": [
        "AlbumId",
      ],
      "table": "Track",
    },
    "to": {
      "column": [
        "AlbumId",
      ],
      "table": "Album",
    },
  },
  {
    "from": {
      "column": [
        "ArtistId",
      ],
      "table": "Album",
    },
    "to": {
      "column": [
        "ArtistId",
      ],
      "table": "Artist",
    },
  },
]
`;
