---
source: crates/metadata-resolve/tests/metadata_golden_tests.rs
expression: msg
input_file: crates/metadata-resolve/tests/failing/aggregate_expressions/missing_aggregation_function_data_connector/metadata.json
---
the aggregate expression Int4_aggregate_exp (in subgraph default) defines an aggregation function mapping to an unknown data connector: mypg (in subgraph default)
