---
source: crates/metadata-resolve/tests/metadata_golden_tests.rs
expression: msg
input_file: crates/metadata-resolve/tests/failing/aggregate_boolean_expressions/scalar/count_bool_exp_type_mismatch/metadata.json
---
error in boolean expression type 'String_aggregate_bool_exp (in subgraph default)': type mismatch between the 'count' aggregate (return type: 'Int') and the specified boolean expression type 'String_bool_exp (in subgraph default)' (operand type: 'String')
