---
source: crates/metadata-resolve/tests/metadata_golden_tests.rs
expression: string
input_file: crates/metadata-resolve/tests/failing/aggregate_expressions/missing_aggregation_function_data_connector_mapping/metadata.json
---
Error: the aggregate expression Int4_aggregate_exp (in subgraph default) specifies an aggregation function '_min' but there is no mapping defined to an aggregation function in the data connector 'mypg (in subgraph default)'
