---
source: crates/metadata-resolve/tests/metadata_golden_tests.rs
expression: string
input_file: crates/metadata-resolve/tests/failing/aggregate_expression_in_relationship/disallow_count_distinct_on_models/metadata.json
---
Error: The aggregate defined on the relationship invoiceLines on type Invoice (in subgraph default) has an error: the aggregate expression InvoiceLine_aggregate_exp (in subgraph default) is used with the model InvoiceLine (in subgraph default) which has the countDistinct aggregation enabled, but countDistinct is not valid when aggregating a model as every object is already logically distinct
