---
source: crates/metadata-resolve/tests/metadata_golden_tests.rs
expression: string
input_file: crates/metadata-resolve/tests/failing/boolean_expression/nested_array_no_capability/metadata.json
---
Error: The data connector 'db (in subgraph default)' does not support filtering by nested object arrays. The comparable field 'staff' within institution_bool_exp (in subgraph default)' is of an object array type: [staff_member] (in subgraph default)
Error: The data connector 'db (in subgraph default)' does not support filtering by nested object arrays. The comparable field 'pets' within staff_bool_exp (in subgraph default)' is of an object array type: [pet] (in subgraph default)
