---
source: crates/metadata-resolve/tests/metadata_golden_tests.rs
expression: msg
input_file: crates/metadata-resolve/tests/failing/boolean_expression/object_logical_operator_field_name_conflict_with_field/metadata.json
---
The following issues were raised but disallowed by compatibility configuration:

the boolean expression 'institution_bool_exp (in subgraph default)' has a GraphQL field name conflict between the '_and' comparable field and the '_and' logical operator. One of these will need to be renamed.
