---
source: crates/metadata-resolve/tests/metadata_golden_tests.rs
expression: string
input_file: crates/metadata-resolve/tests/failing/object_types_in_presets/field_presets/invalid_field_value/metadata.json
---
Error: Type error in field preset of Location, for input type permissions definition of type Institution: Typecheck failed for field Country in object type Location (in subgraph default): Expected a value of type String but got value 123
